// Jest Snapshot v1, https://jestjs.io/docs/snapshot-testing

exports[`renders correctly 1`] = `
<Text
  style={
    [
      {
        "color": "#000",
      },
      [
        undefined,
        {
          "fontFamily": "SpaceMono",
        },
      ],
    ]
  }
>
  Snapshot test!
</Text>
`;
